// Vitest Snapshot v1, https://vitest.dev/guide/snapshot.html

exports[`Footer > matches snapshot 1`] = `
<footer
  className="footer"
>
  <div
    className="copy"
  >
    <small>
      ©
      2023
       Movistar Plus+
    </small>
  </div>
  <div
    className="footer-nav"
  >
    <a
      className="nav-item"
      href="#"
    >
      <span>
        Aviso legal
      </span>
    </a>
    <a
      className="nav-item"
      href="#"
    >
      <span>
        Condiciones generales
      </span>
    </a>
    <a
      className="nav-item"
      href="#"
    >
      <span>
        Privacidad
      </span>
    </a>
    <a
      className="nav-item"
      href="#"
    >
      <span>
        Cookies
      </span>
    </a>
    <Link
      className="nav-item"
      to="/documentacion"
    >
      <span>
        Documentación
      </span>
    </Link>
  </div>
  <div
    className="info-sync"
  >
    <small>
      Última actualización: 
      <time
        dateTime="2023-08-30T12:45"
      >
        23/10/2023, 13:33
      </time>
    </small>
  </div>
</footer>
`;
