// Vitest Snapshot v1, https://vitest.dev/guide/snapshot.html

exports[`Header > matches snapshot 1`] = `
<header
  className="header"
>
  <Link
    className="header-brand"
    to="/"
  >
    <SvgLogo />
    <span
      className="header-tagline"
    >
      Portal del Profesional
    </span>
  </Link>
  <div
    className="header-nav"
  >
    <NavLink
      className="nav-item"
      to="/adjudicaciones"
    >
      <SvgListVideo />
      <span>
        Adjudicaciones
      </span>
    </NavLink>
    <NavLink
      className="nav-item"
      to="/prefacturacion"
    >
      <SvgFileQuestion />
      <span>
        Prefacturación
      </span>
    </NavLink>
    <NavLink
      className="nav-item"
      to="/facturacion"
    >
      <SvgFileCheck />
      <span>
        Facturación
      </span>
    </NavLink>
  </div>
  <button
    className="header-account"
    type="button"
  >
    <div
      className="account-avatar"
    >
      <SvgUser />
    </div>
    <div
      className="account-content"
    >
      <span
        className="account-name"
      >
        Nombre Apellido
      </span>
      <span
        className="account-company"
      >
        Agencia
      </span>
    </div>
  </button>
</header>
`;
