// Vitest Snapshot v1, https://vitest.dev/guide/snapshot.html

exports[`Alert > matches snapshot 1`] = `
<div
  className="alert alert-success"
>
  <div
    className="alert-icon"
  >
    <Icon
      name="success"
    />
  </div>
  <div
    className="alert-content"
  >
    <h5
      className="alert-title"
      is={true}
    >
      Success
    </h5>
    <p
      className="alert-message"
    >
      This is a success alert
    </p>
  </div>
</div>
`;
